[[d]]
e = 4
f = ['five', 6]


[[d]]
e = 4
f = [7]
