n = 1
f = 1.5
s = "self"
d = 2000-01-01 12:34:56
b = true

[subsection]
n = 1
pi = 3.14159265

[section2]
is_subsec = true
n = 1
