not_there_1 = 2
z = 3

[this.was.pretty.deep.folks]
x = 2
y = 5
not_there_2 = 9
